Downloading all instruments...
Instruments downloaded successfully.
Dash is running on http://127.0.0.1:8050/

 * Serving Flask app 'app'
 * Debug mode: on
Downloading all instruments...
Instruments downloaded successfully.
Error fetching option chain: 401 {"status":"error","errors":[{"errorCode":"UDAPI100050","message":"Invalid token used to access API","propertyPath":null,"invalidValue":null,"error_code":"UDAPI100050","property_path":null,"invalid_value":null}]}
Downloading all instruments...
Instruments downloaded successfully.
Downloading all instruments...
Instruments downloaded successfully.
Downloading all instruments...
Instruments downloaded successfully.
Error fetching option chain: 401 {"status":"error","errors":[{"errorCode":"UDAPI100050","message":"Invalid token used to access API","propertyPath":null,"invalidValue":null,"error_code":"UDAPI100050","property_path":null,"invalid_value":null}]}
Downloading all instruments...
Instruments downloaded successfully.
Downloading all instruments...
Instruments downloaded successfully.
Downloading all instruments...
Instruments downloaded successfully.
Downloading all instruments...
Instruments downloaded successfully.
Downloading all instruments...
Instruments downloaded successfully.
